2025-03-23 20:09:47,104 Hello! This is SL-CAT.
2025-03-23 20:09:47,106 Total params: 17,541,481
2025-03-23 20:09:47,106 Trainable parameters: ['decoder.layer_norm.bias', 'decoder.layer_norm.weight', 'decoder.layers.0.dec_layer_norm.bias', 'decoder.layers.0.dec_layer_norm.weight', 'decoder.layers.0.feed_forward.layer_norm.bias', 'decoder.layers.0.feed_forward.layer_norm.weight', 'decoder.layers.0.feed_forward.pwff_layer.0.bias', 'decoder.layers.0.feed_forward.pwff_layer.0.weight', 'decoder.layers.0.feed_forward.pwff_layer.3.bias', 'decoder.layers.0.feed_forward.pwff_layer.3.weight', 'decoder.layers.0.output_norm.bias', 'decoder.layers.0.output_norm.weight', 'decoder.layers.0.src_trg_att.k_layer.bias', 'decoder.layers.0.src_trg_att.k_layer.weight', 'decoder.layers.0.src_trg_att.output_layer.bias', 'decoder.layers.0.src_trg_att.output_layer.weight', 'decoder.layers.0.src_trg_att.q_layer.bias', 'decoder.layers.0.src_trg_att.q_layer.weight', 'decoder.layers.0.src_trg_att.v_layer.bias', 'decoder.layers.0.src_trg_att.v_layer.weight', 'decoder.layers.0.trg_trg_att.k_layer.bias', 'decoder.layers.0.trg_trg_att.k_layer.weight', 'decoder.layers.0.trg_trg_att.output_layer.bias', 'decoder.layers.0.trg_trg_att.output_layer.weight', 'decoder.layers.0.trg_trg_att.q_layer.bias', 'decoder.layers.0.trg_trg_att.q_layer.weight', 'decoder.layers.0.trg_trg_att.v_layer.bias', 'decoder.layers.0.trg_trg_att.v_layer.weight', 'decoder.layers.0.x_layer_norm.bias', 'decoder.layers.0.x_layer_norm.weight', 'decoder.output_layer.weight', 'decoder.tokenTypeEmbedding.weight', 'encoder.layer_norm.bias', 'encoder.layer_norm.weight', 'encoder.layers.0.FF2.module.layer_norm.bias', 'encoder.layers.0.FF2.module.layer_norm.weight', 'encoder.layers.0.FF2.module.pwff_layer.0.bias', 'encoder.layers.0.FF2.module.pwff_layer.0.weight', 'encoder.layers.0.FF2.module.pwff_layer.3.bias', 'encoder.layers.0.FF2.module.pwff_layer.3.weight', 'encoder.layers.0.att.module.attention.att_layer.bias', 'encoder.layers.0.att.module.attention.att_layer.weight', 'encoder.layers.0.att.module.attention.k_layer.bias', 'encoder.layers.0.att.module.attention.k_layer.weight', 'encoder.layers.0.att.module.attention.output_layer.bias', 'encoder.layers.0.att.module.attention.output_layer.weight', 'encoder.layers.0.att.module.attention.q_layer.bias', 'encoder.layers.0.att.module.attention.q_layer.weight', 'encoder.layers.0.att.module.attention.sample_offsets.bias', 'encoder.layers.0.att.module.attention.sample_offsets.weight', 'encoder.layers.0.att.module.attention.v_layer.bias', 'encoder.layers.0.att.module.attention.v_layer.weight', 'encoder.layers.0.att.module.layer_norm.bias', 'encoder.layers.0.att.module.layer_norm.weight', 'encoder.layers.0.convMod.module.dep1.conv.bias', 'encoder.layers.0.convMod.module.dep1.conv.weight', 'encoder.layers.0.convMod.module.layerNorm.bias', 'encoder.layers.0.convMod.module.layerNorm.weight', 'encoder.layers.0.convMod.module.layerNorm2.bias', 'encoder.layers.0.convMod.module.layerNorm2.weight', 'encoder.layers.0.convMod.module.point1.conv.bias', 'encoder.layers.0.convMod.module.point1.conv.weight', 'encoder.layers.0.convMod.module.point2.conv.bias', 'encoder.layers.0.convMod.module.point2.conv.weight', 'encoder.layers.0.layerNORM.bias', 'encoder.layers.0.layerNORM.weight', 'sgn_embed.bn_ac.0.bias', 'sgn_embed.bn_ac.0.weight', 'sgn_embed.src_emb.bias', 'sgn_embed.src_emb.weight', 'txt_embed.lut.weight', 'txt_embed.norm.norm.bias', 'txt_embed.norm.norm.weight', 'vis_extractor.resnet.bn1.bias', 'vis_extractor.resnet.bn1.weight', 'vis_extractor.resnet.conv1.weight', 'vis_extractor.resnet.layer1.0.bn1.bias', 'vis_extractor.resnet.layer1.0.bn1.weight', 'vis_extractor.resnet.layer1.0.bn2.bias', 'vis_extractor.resnet.layer1.0.bn2.weight', 'vis_extractor.resnet.layer1.0.conv1.weight', 'vis_extractor.resnet.layer1.0.conv2.weight', 'vis_extractor.resnet.layer1.1.bn1.bias', 'vis_extractor.resnet.layer1.1.bn1.weight', 'vis_extractor.resnet.layer1.1.bn2.bias', 'vis_extractor.resnet.layer1.1.bn2.weight', 'vis_extractor.resnet.layer1.1.conv1.weight', 'vis_extractor.resnet.layer1.1.conv2.weight', 'vis_extractor.resnet.layer2.0.bn1.bias', 'vis_extractor.resnet.layer2.0.bn1.weight', 'vis_extractor.resnet.layer2.0.bn2.bias', 'vis_extractor.resnet.layer2.0.bn2.weight', 'vis_extractor.resnet.layer2.0.conv1.weight', 'vis_extractor.resnet.layer2.0.conv2.weight', 'vis_extractor.resnet.layer2.0.downsample.0.weight', 'vis_extractor.resnet.layer2.0.downsample.1.bias', 'vis_extractor.resnet.layer2.0.downsample.1.weight', 'vis_extractor.resnet.layer2.1.bn1.bias', 'vis_extractor.resnet.layer2.1.bn1.weight', 'vis_extractor.resnet.layer2.1.bn2.bias', 'vis_extractor.resnet.layer2.1.bn2.weight', 'vis_extractor.resnet.layer2.1.conv1.weight', 'vis_extractor.resnet.layer2.1.conv2.weight', 'vis_extractor.resnet.layer3.0.bn1.bias', 'vis_extractor.resnet.layer3.0.bn1.weight', 'vis_extractor.resnet.layer3.0.bn2.bias', 'vis_extractor.resnet.layer3.0.bn2.weight', 'vis_extractor.resnet.layer3.0.conv1.weight', 'vis_extractor.resnet.layer3.0.conv2.weight', 'vis_extractor.resnet.layer3.0.downsample.0.weight', 'vis_extractor.resnet.layer3.0.downsample.1.bias', 'vis_extractor.resnet.layer3.0.downsample.1.weight', 'vis_extractor.resnet.layer3.1.bn1.bias', 'vis_extractor.resnet.layer3.1.bn1.weight', 'vis_extractor.resnet.layer3.1.bn2.bias', 'vis_extractor.resnet.layer3.1.bn2.weight', 'vis_extractor.resnet.layer3.1.conv1.weight', 'vis_extractor.resnet.layer3.1.conv2.weight', 'vis_extractor.resnet.layer4.0.bn1.bias', 'vis_extractor.resnet.layer4.0.bn1.weight', 'vis_extractor.resnet.layer4.0.bn2.bias', 'vis_extractor.resnet.layer4.0.bn2.weight', 'vis_extractor.resnet.layer4.0.conv1.weight', 'vis_extractor.resnet.layer4.0.conv2.weight', 'vis_extractor.resnet.layer4.0.downsample.0.weight', 'vis_extractor.resnet.layer4.0.downsample.1.bias', 'vis_extractor.resnet.layer4.0.downsample.1.weight', 'vis_extractor.resnet.layer4.1.bn1.bias', 'vis_extractor.resnet.layer4.1.bn1.weight', 'vis_extractor.resnet.layer4.1.bn2.bias', 'vis_extractor.resnet.layer4.1.bn2.weight', 'vis_extractor.resnet.layer4.1.conv1.weight', 'vis_extractor.resnet.layer4.1.conv2.weight']
2025-03-23 20:09:47,113 cfg.name                           : sign_experiment
2025-03-23 20:09:47,114 cfg.data.img_path                  : ../../PHOENIX-2014-T-release-v3/PHOENIX-2014-T/features/fullFrame-210x260px/
2025-03-23 20:09:47,114 cfg.data.version                   : phoenix_2014_trans
2025-03-23 20:09:47,114 cfg.data.sgn                       : sign
2025-03-23 20:09:47,114 cfg.data.txt                       : text
2025-03-23 20:09:47,114 cfg.data.gls                       : gloss
2025-03-23 20:09:47,115 cfg.data.train_path                : ./data/Phonexi-2014T/labels.train
2025-03-23 20:09:47,115 cfg.data.dev_path                  : ./data/Phonexi-2014T/labels.dev
2025-03-23 20:09:47,115 cfg.data.test_path                 : ./data/Phonexi-2014T/labels.test
2025-03-23 20:09:47,115 cfg.data.feature_size              : 512
2025-03-23 20:09:47,115 cfg.data.level                     : bpe
2025-03-23 20:09:47,115 cfg.data.txt_lowercase             : True
2025-03-23 20:09:47,116 cfg.data.max_sent_length           : 400
2025-03-23 20:09:47,116 cfg.data.random_train_subset       : -1
2025-03-23 20:09:47,116 cfg.data.random_dev_subset         : -1
2025-03-23 20:09:47,116 cfg.data.multimodal                : 0.0
2025-03-23 20:09:47,116 cfg.data.max_length                : 500
2025-03-23 20:09:47,116 cfg.testing.recognition_beam_sizes : [1, 2, 3, 4, 5, 6, 7, 8, 9, 10]
2025-03-23 20:09:47,117 cfg.testing.translation_beam_sizes : [1, 2, 3, 4, 5, 6, 7, 8, 9, 10]
2025-03-23 20:09:47,117 cfg.testing.translation_beam_alphas : [-1, 0, 1, 2, 3, 4, 5]
2025-03-23 20:09:47,117 cfg.training.reset_best_ckpt       : False
2025-03-23 20:09:47,117 cfg.training.reset_scheduler       : False
2025-03-23 20:09:47,117 cfg.training.reset_optimizer       : False
2025-03-23 20:09:47,117 cfg.training.random_seed           : 42
2025-03-23 20:09:47,117 cfg.training.model_dir             : ./sign_sample_bpe_adam
2025-03-23 20:09:47,118 cfg.training.recognition_loss_weight : 0.0
2025-03-23 20:09:47,118 cfg.training.translation_loss_weight : 1.0
2025-03-23 20:09:47,118 cfg.training.eval_metric           : bleu
2025-03-23 20:09:47,118 cfg.training.optimizer             : adamw
2025-03-23 20:09:47,118 cfg.training.learning_rate         : 0.0001
2025-03-23 20:09:47,118 cfg.training.batch_size            : 2
2025-03-23 20:09:47,119 cfg.training.num_valid_log         : 6
2025-03-23 20:09:47,119 cfg.training.epochs                : 1000
2025-03-23 20:09:47,119 cfg.training.early_stopping_metric : eval_metric
2025-03-23 20:09:47,119 cfg.training.batch_type            : sentence
2025-03-23 20:09:47,119 cfg.training.translation_normalization : batch
2025-03-23 20:09:47,119 cfg.training.eval_translation_beam_size : 1
2025-03-23 20:09:47,120 cfg.training.eval_translation_beam_alpha : -1
2025-03-23 20:09:47,120 cfg.training.overwrite             : True
2025-03-23 20:09:47,120 cfg.training.shuffle               : True
2025-03-23 20:09:47,120 cfg.training.use_cuda              : True
2025-03-23 20:09:47,120 cfg.training.translation_max_output_length : 30
2025-03-23 20:09:47,120 cfg.training.keep_last_ckpts       : 1
2025-03-23 20:09:47,121 cfg.training.batch_multiplier      : 1
2025-03-23 20:09:47,121 cfg.training.logging_freq          : 100
2025-03-23 20:09:47,121 cfg.training.validation_freq       : 3500
2025-03-23 20:09:47,121 cfg.training.betas                 : [0.95, 0.998]
2025-03-23 20:09:47,121 cfg.training.scheduling            : plateau
2025-03-23 20:09:47,122 cfg.training.learning_rate_min     : 1e-06
2025-03-23 20:09:47,122 cfg.training.weight_decay          : 0.003
2025-03-23 20:09:47,122 cfg.training.patience              : 10
2025-03-23 20:09:47,122 cfg.training.decrease_factor       : 0.8
2025-03-23 20:09:47,122 cfg.training.label_smoothing       : 0.1
2025-03-23 20:09:47,122 cfg.training.lr_s_dim_model        : 256
2025-03-23 20:09:47,123 cfg.training.warmup_step           : 1000
2025-03-23 20:09:47,123 cfg.training.K                     : 2
2025-03-23 20:09:47,123 cfg.model.transferred_backbone     : False
2025-03-23 20:09:47,123 cfg.model.transferred_backbone_path : signformer_trained_CNN.pth
2025-03-23 20:09:47,123 cfg.model.initializer              : xavier
2025-03-23 20:09:47,123 cfg.model.bias_initializer         : zeros
2025-03-23 20:09:47,123 cfg.model.init_gain                : 1.0
2025-03-23 20:09:47,124 cfg.model.embed_initializer        : xavier
2025-03-23 20:09:47,124 cfg.model.embed_init_gain          : 1.0
2025-03-23 20:09:47,124 cfg.model.tied_softmax             : False
2025-03-23 20:09:47,124 cfg.model.cope                     : False
2025-03-23 20:09:47,124 cfg.model.encoder.type             : transformer
2025-03-23 20:09:47,124 cfg.model.encoder.num_layers       : 1
2025-03-23 20:09:47,124 cfg.model.encoder.num_heads        : 8
2025-03-23 20:09:47,125 cfg.model.encoder.embeddings.embedding_dim : 256
2025-03-23 20:09:47,125 cfg.model.encoder.embeddings.scale : False
2025-03-23 20:09:47,125 cfg.model.encoder.embeddings.dropout : 0.1
2025-03-23 20:09:47,125 cfg.model.encoder.embeddings.norm_type : batch
2025-03-23 20:09:47,125 cfg.model.encoder.embeddings.activation_type : softsign
2025-03-23 20:09:47,125 cfg.model.encoder.hidden_size      : 256
2025-03-23 20:09:47,125 cfg.model.encoder.ff_size          : 1024
2025-03-23 20:09:47,125 cfg.model.encoder.dropout          : 0.1
2025-03-23 20:09:47,126 cfg.model.decoder.type             : transformer
2025-03-23 20:09:47,126 cfg.model.decoder.num_layers       : 1
2025-03-23 20:09:47,126 cfg.model.decoder.num_heads        : 8
2025-03-23 20:09:47,126 cfg.model.decoder.embeddings.embedding_dim : 256
2025-03-23 20:09:47,126 cfg.model.decoder.embeddings.scale : False
2025-03-23 20:09:47,127 cfg.model.decoder.embeddings.dropout : 0.1
2025-03-23 20:09:47,127 cfg.model.decoder.embeddings.norm_type : batch
2025-03-23 20:09:47,127 cfg.model.decoder.embeddings.activation_type : softsign
2025-03-23 20:09:47,127 cfg.model.decoder.hidden_size      : 256
2025-03-23 20:09:47,127 cfg.model.decoder.ff_size          : 1024
2025-03-23 20:09:47,127 cfg.model.decoder.dropout          : 0.1
2025-03-23 20:09:47,127 Data set sizes: 
	train 7096,
	valid 519,
	test 642
2025-03-23 20:09:47,128 First 10 words (txt): (0) <unk> (1) <pad> (2) <s> (3) </s> (4) und (5) im (6) es (7) der (8) am (9) in
2025-03-23 20:09:47,128 Number of unique words (types): 2891
2025-03-23 20:09:47,129 SignModel(
	encoder=TransformerEncoder(
  (layers): ModuleList(
    (0): CA_TransformerEncoderLayer(
      (att): ResidualConnectionModule(
        (module): GlossFreeAttentionModule(
          (layer_norm): LayerNorm((256,), eps=1e-05, elementwise_affine=True)
          (attention): DeformableMultiHeadedAttention(
            (k_layer): Linear(in_features=256, out_features=256, bias=True)
            (v_layer): Linear(in_features=256, out_features=256, bias=True)
            (q_layer): Linear(in_features=256, out_features=256, bias=True)
            (sample_offsets): Linear(in_features=256, out_features=40, bias=True)
            (output_layer): Linear(in_features=256, out_features=256, bias=True)
            (softmax): Softmax(dim=-1)
            (dropout): Dropout(p=0.1, inplace=False)
            (att_layer): Linear(in_features=256, out_features=1, bias=True)
          )
          (dropout): Dropout(p=0.1, inplace=False)
        )
      )
      (convMod): ResidualConnectionModule(
        (module): ConvModule(
          (layerNorm): LayerNorm((256,), eps=1e-05, elementwise_affine=True)
          (layerNorm2): LayerNorm((256,), eps=1e-05, elementwise_affine=True)
          (point1): PointwiseConv1d(
            (conv): Conv1d(256, 512, kernel_size=(1,), stride=(1,))
          )
          (dep1): DepthwiseConv1d(
            (conv): Conv1d(512, 512, kernel_size=(31,), stride=(1,), padding=(15,), groups=512)
          )
          (point2): PointwiseConv1d(
            (conv): Conv1d(512, 256, kernel_size=(1,), stride=(1,))
          )
          (relu6): ReLU6()
          (dropout): Dropout(p=0.1, inplace=False)
        )
      )
      (FF2): ResidualConnectionModule(
        (module): PositionwiseFeedForward(
          (layer_norm): LayerNorm((256,), eps=1e-06, elementwise_affine=True)
          (pwff_layer): Sequential(
            (0): Linear(in_features=256, out_features=1024, bias=True)
            (1): ReLU()
            (2): Dropout(p=0.1, inplace=False)
            (3): Linear(in_features=1024, out_features=256, bias=True)
            (4): Dropout(p=0.1, inplace=False)
          )
        )
      )
      (layerNORM): LayerNorm((256,), eps=1e-05, elementwise_affine=True)
    )
  )
  (layer_norm): LayerNorm((256,), eps=1e-06, elementwise_affine=True)
  (emb_dropout): Dropout(p=0.1, inplace=False)
  (pe): PositionalEncoding()
),
	decoder=TransformerDecoder(
  (layers): ModuleList(
    (0): TransformerDecoderLayer(
      (trg_trg_att): MultiHeadedAttention(
        (k_layer): Linear(in_features=256, out_features=256, bias=True)
        (v_layer): Linear(in_features=256, out_features=256, bias=True)
        (q_layer): Linear(in_features=256, out_features=256, bias=True)
        (output_layer): Linear(in_features=256, out_features=256, bias=True)
        (softmax): Softmax(dim=-1)
        (dropout): Dropout(p=0.1, inplace=False)
      )
      (src_trg_att): MultiHeadedAttention(
        (k_layer): Linear(in_features=256, out_features=256, bias=True)
        (v_layer): Linear(in_features=256, out_features=256, bias=True)
        (q_layer): Linear(in_features=256, out_features=256, bias=True)
        (output_layer): Linear(in_features=256, out_features=256, bias=True)
        (softmax): Softmax(dim=-1)
        (dropout): Dropout(p=0.1, inplace=False)
      )
      (feed_forward): PositionwiseFeedForward(
        (layer_norm): LayerNorm((256,), eps=1e-06, elementwise_affine=True)
        (pwff_layer): Sequential(
          (0): Linear(in_features=256, out_features=1024, bias=True)
          (1): ReLU()
          (2): Dropout(p=0.1, inplace=False)
          (3): Linear(in_features=1024, out_features=256, bias=True)
          (4): Dropout(p=0.1, inplace=False)
        )
      )
      (x_layer_norm): LayerNorm((256,), eps=1e-06, elementwise_affine=True)
      (dec_layer_norm): LayerNorm((256,), eps=1e-06, elementwise_affine=True)
      (dropout): Dropout(p=0.1, inplace=False)
      (dropout2): Dropout(p=0.1, inplace=False)
      (dropout3): Dropout(p=0.1, inplace=False)
      (output_norm): LayerNorm((256,), eps=1e-05, elementwise_affine=True)
    )
  )
  (pe): PositionalEncoding()
  (layer_norm): LayerNorm((256,), eps=1e-06, elementwise_affine=True)
  (tokenTypeEmbedding): Embedding(2, 256)
  (emb_dropout): Dropout(p=0.1, inplace=False)
  (output_layer): Linear(in_features=256, out_features=8000, bias=False)
),
	sgn_embed=V_encoder(
  (src_emb): Linear(in_features=512, out_features=256, bias=True)
  (bn_ac): Sequential(
    (0): BatchNorm1d(256, eps=1e-05, momentum=0.1, affine=True, track_running_stats=True)
    (1): ReLU(inplace=True)
  )
),
	txt_embed=Embeddings(embedding_dim=256, vocab_size=8000))
2025-03-23 20:09:47,137 EPOCH 1
2025-03-23 20:11:21,994 [Epoch: 001 Step: 00000100] Batch Translation Loss:  95.093002 => Lr: 0.000100
2025-03-23 20:12:57,496 [Epoch: 001 Step: 00000200] Batch Translation Loss:  81.059242 => Lr: 0.000100
2025-03-23 20:14:37,444 [Epoch: 001 Step: 00000300] Batch Translation Loss: 104.255463 => Lr: 0.000100
2025-03-23 20:16:10,868 [Epoch: 001 Step: 00000400] Batch Translation Loss:  76.731155 => Lr: 0.000100
2025-03-23 20:17:42,165 [Epoch: 001 Step: 00000500] Batch Translation Loss:  46.853359 => Lr: 0.000100
2025-03-23 20:19:21,900 [Epoch: 001 Step: 00000600] Batch Translation Loss:  89.899872 => Lr: 0.000100
2025-03-23 20:21:01,356 [Epoch: 001 Step: 00000700] Batch Translation Loss:  57.919308 => Lr: 0.000100
2025-03-23 20:22:32,862 [Epoch: 001 Step: 00000800] Batch Translation Loss:  55.674751 => Lr: 0.000100
2025-03-23 20:24:12,579 [Epoch: 001 Step: 00000900] Batch Translation Loss:  58.998688 => Lr: 0.000100
2025-03-23 20:25:44,836 [Epoch: 001 Step: 00001000] Batch Translation Loss:  53.259018 => Lr: 0.000100
2025-03-23 20:27:22,963 [Epoch: 001 Step: 00001100] Batch Translation Loss:  88.224258 => Lr: 0.000100
2025-03-23 20:28:53,834 [Epoch: 001 Step: 00001200] Batch Translation Loss:  53.232262 => Lr: 0.000100
2025-03-23 20:30:25,973 [Epoch: 001 Step: 00001300] Batch Translation Loss:  90.791351 => Lr: 0.000100
2025-03-23 20:31:55,097 [Epoch: 001 Step: 00001400] Batch Translation Loss:  55.684429 => Lr: 0.000100
2025-03-23 20:33:27,070 [Epoch: 001 Step: 00001500] Batch Translation Loss:  48.955414 => Lr: 0.000100
2025-03-23 20:34:54,022 [Epoch: 001 Step: 00001600] Batch Translation Loss:  74.357040 => Lr: 0.000100
2025-03-23 20:36:27,951 [Epoch: 001 Step: 00001700] Batch Translation Loss:  51.715382 => Lr: 0.000100
2025-03-23 20:37:59,372 [Epoch: 001 Step: 00001800] Batch Translation Loss:  70.584145 => Lr: 0.000100
2025-03-23 20:39:36,434 [Epoch: 001 Step: 00001900] Batch Translation Loss:  44.071671 => Lr: 0.000100
2025-03-23 20:41:02,805 [Epoch: 001 Step: 00002000] Batch Translation Loss:  53.737812 => Lr: 0.000100
2025-03-23 20:42:42,198 [Epoch: 001 Step: 00002100] Batch Translation Loss:  74.630417 => Lr: 0.000100
2025-03-23 20:44:19,989 [Epoch: 001 Step: 00002200] Batch Translation Loss:  53.660610 => Lr: 0.000100
2025-03-23 20:45:56,527 [Epoch: 001 Step: 00002300] Batch Translation Loss:  70.273109 => Lr: 0.000100
2025-03-23 20:47:34,676 [Epoch: 001 Step: 00002400] Batch Translation Loss:  50.053017 => Lr: 0.000100
2025-03-23 20:49:15,933 [Epoch: 001 Step: 00002500] Batch Translation Loss:  40.396008 => Lr: 0.000100
2025-03-23 20:50:47,563 [Epoch: 001 Step: 00002600] Batch Translation Loss:  71.519524 => Lr: 0.000100
2025-03-23 20:52:16,062 [Epoch: 001 Step: 00002700] Batch Translation Loss:  41.766098 => Lr: 0.000100
2025-03-23 20:53:48,065 [Epoch: 001 Step: 00002800] Batch Translation Loss:  40.964661 => Lr: 0.000100
2025-03-23 20:55:21,707 [Epoch: 001 Step: 00002900] Batch Translation Loss:  44.896988 => Lr: 0.000100
2025-03-23 20:56:53,157 [Epoch: 001 Step: 00003000] Batch Translation Loss:  39.306713 => Lr: 0.000100
2025-03-23 20:58:27,331 [Epoch: 001 Step: 00003100] Batch Translation Loss:  51.095276 => Lr: 0.000100
2025-03-23 21:00:08,764 [Epoch: 001 Step: 00003200] Batch Translation Loss:  63.589466 => Lr: 0.000100
2025-03-23 21:01:43,699 [Epoch: 001 Step: 00003300] Batch Translation Loss:  46.272892 => Lr: 0.000100
2025-03-23 21:03:21,752 [Epoch: 001 Step: 00003400] Batch Translation Loss:  47.791405 => Lr: 0.000100
2025-03-23 21:04:53,656 [Epoch: 001 Step: 00003500] Batch Translation Loss:  43.218590 => Lr: 0.000100
2025-03-23 21:07:54,969 Saved 518 text references to ./sign_sample_bpe_adam\txt_references_3500.txt and 518 text hypotheses to ./sign_sample_bpe_adam\txt_hypotheses_3500.txt
2025-03-23 21:07:54,979 Hooray! New best validation result [eval_metric]!
2025-03-23 21:07:54,979 Saving new checkpoint.
2025-03-23 21:09:15,174 Epoch   1: Total Training Translation Loss 258125.97 
2025-03-23 21:09:15,174 EPOCH 2
2025-03-23 21:10:02,861 [Epoch: 002 Step: 00003600] Batch Translation Loss:  52.427528 => Lr: 0.000100
2025-03-23 21:11:31,471 [Epoch: 002 Step: 00003700] Batch Translation Loss:  75.832924 => Lr: 0.000100
2025-03-23 21:13:00,377 [Epoch: 002 Step: 00003800] Batch Translation Loss:  32.977211 => Lr: 0.000100
2025-03-23 21:14:26,462 [Epoch: 002 Step: 00003900] Batch Translation Loss:  38.912338 => Lr: 0.000100
2025-03-23 21:15:52,432 [Epoch: 002 Step: 00004000] Batch Translation Loss:  43.458755 => Lr: 0.000100
2025-03-23 21:17:17,837 [Epoch: 002 Step: 00004100] Batch Translation Loss:  80.896690 => Lr: 0.000100
2025-03-23 21:18:41,461 [Epoch: 002 Step: 00004200] Batch Translation Loss:  36.831413 => Lr: 0.000100
2025-03-23 21:20:08,096 [Epoch: 002 Step: 00004300] Batch Translation Loss:  80.532104 => Lr: 0.000100
2025-03-23 21:21:34,221 [Epoch: 002 Step: 00004400] Batch Translation Loss:  32.223534 => Lr: 0.000100
2025-03-23 21:23:00,439 [Epoch: 002 Step: 00004500] Batch Translation Loss:  50.514492 => Lr: 0.000100
2025-03-23 21:24:30,326 [Epoch: 002 Step: 00004600] Batch Translation Loss:  83.134659 => Lr: 0.000100
2025-03-23 21:25:58,326 [Epoch: 002 Step: 00004700] Batch Translation Loss: 103.835815 => Lr: 0.000100
2025-03-23 21:27:26,438 [Epoch: 002 Step: 00004800] Batch Translation Loss:  94.268501 => Lr: 0.000100
2025-03-23 21:28:53,981 [Epoch: 002 Step: 00004900] Batch Translation Loss:  58.820251 => Lr: 0.000100
2025-03-23 21:30:21,733 [Epoch: 002 Step: 00005000] Batch Translation Loss:  58.365643 => Lr: 0.000100
2025-03-23 21:31:50,997 [Epoch: 002 Step: 00005100] Batch Translation Loss:  17.267332 => Lr: 0.000100
2025-03-23 21:33:20,552 [Epoch: 002 Step: 00005200] Batch Translation Loss:  60.185558 => Lr: 0.000100
2025-03-23 21:34:51,725 [Epoch: 002 Step: 00005300] Batch Translation Loss:  33.553230 => Lr: 0.000100
2025-03-23 21:36:18,976 [Epoch: 002 Step: 00005400] Batch Translation Loss:  58.763088 => Lr: 0.000100
2025-03-23 21:37:53,134 [Epoch: 002 Step: 00005500] Batch Translation Loss:  42.157955 => Lr: 0.000100
2025-03-23 21:39:22,904 [Epoch: 002 Step: 00005600] Batch Translation Loss:  69.563255 => Lr: 0.000100
2025-03-23 21:40:53,553 [Epoch: 002 Step: 00005700] Batch Translation Loss:  36.670563 => Lr: 0.000100
2025-03-23 21:42:27,181 [Epoch: 002 Step: 00005800] Batch Translation Loss:  40.468380 => Lr: 0.000100
2025-03-23 21:44:02,142 [Epoch: 002 Step: 00005900] Batch Translation Loss:  55.695271 => Lr: 0.000100
2025-03-23 21:46:08,606 [Epoch: 002 Step: 00006000] Batch Translation Loss:  38.884468 => Lr: 0.000100
2025-03-23 21:48:04,293 [Epoch: 002 Step: 00006100] Batch Translation Loss:  39.697701 => Lr: 0.000100
2025-03-23 21:49:59,979 [Epoch: 002 Step: 00006200] Batch Translation Loss:  34.198502 => Lr: 0.000100
2025-03-23 21:51:55,166 [Epoch: 002 Step: 00006300] Batch Translation Loss:  39.627377 => Lr: 0.000100
2025-03-23 21:53:57,254 [Epoch: 002 Step: 00006400] Batch Translation Loss:  88.506546 => Lr: 0.000100
2025-03-23 21:55:51,909 [Epoch: 002 Step: 00006500] Batch Translation Loss:  29.465778 => Lr: 0.000100
2025-03-23 21:57:47,885 [Epoch: 002 Step: 00006600] Batch Translation Loss:  50.187595 => Lr: 0.000100
2025-03-23 21:59:37,449 [Epoch: 002 Step: 00006700] Batch Translation Loss:  31.637707 => Lr: 0.000100
2025-03-23 22:01:40,756 [Epoch: 002 Step: 00006800] Batch Translation Loss:  38.028156 => Lr: 0.000100
2025-03-23 22:03:58,690 [Epoch: 002 Step: 00006900] Batch Translation Loss:  53.336258 => Lr: 0.000100
2025-03-23 22:06:38,412 [Epoch: 002 Step: 00007000] Batch Translation Loss:  32.408596 => Lr: 0.000100
2025-03-23 22:13:30,632 Saved 518 text references to ./sign_sample_bpe_adam\txt_references_7000.txt and 518 text hypotheses to ./sign_sample_bpe_adam\txt_hypotheses_7000.txt
2025-03-23 22:16:22,746 Epoch   2: Total Training Translation Loss 192164.98 
2025-03-23 22:16:22,746 EPOCH 3
2025-03-23 22:16:27,040 [Epoch: 003 Step: 00007100] Batch Translation Loss:  80.183990 => Lr: 0.000100
2025-03-23 22:17:53,432 [Epoch: 003 Step: 00007200] Batch Translation Loss:  50.294662 => Lr: 0.000100
2025-03-23 22:19:22,626 [Epoch: 003 Step: 00007300] Batch Translation Loss:  34.815308 => Lr: 0.000100
2025-03-23 22:20:56,008 [Epoch: 003 Step: 00007400] Batch Translation Loss:  36.224030 => Lr: 0.000100
2025-03-23 22:22:26,133 [Epoch: 003 Step: 00007500] Batch Translation Loss:  69.706665 => Lr: 0.000100
2025-03-23 22:24:04,225 [Epoch: 003 Step: 00007600] Batch Translation Loss:  33.188507 => Lr: 0.000100
2025-03-23 22:25:36,474 [Epoch: 003 Step: 00007700] Batch Translation Loss:  69.684486 => Lr: 0.000100
2025-03-23 22:27:08,330 [Epoch: 003 Step: 00007800] Batch Translation Loss:  82.589714 => Lr: 0.000100
2025-03-23 22:28:38,179 [Epoch: 003 Step: 00007900] Batch Translation Loss:  39.004219 => Lr: 0.000100
2025-03-23 22:30:09,197 [Epoch: 003 Step: 00008000] Batch Translation Loss:  37.756676 => Lr: 0.000100
2025-03-23 22:31:41,242 [Epoch: 003 Step: 00008100] Batch Translation Loss:  68.774010 => Lr: 0.000100
2025-03-23 22:33:11,449 [Epoch: 003 Step: 00008200] Batch Translation Loss:  29.879395 => Lr: 0.000100
2025-03-23 22:34:37,895 [Epoch: 003 Step: 00008300] Batch Translation Loss:  35.184750 => Lr: 0.000100
2025-03-23 22:36:09,255 [Epoch: 003 Step: 00008400] Batch Translation Loss:  73.976242 => Lr: 0.000100
2025-03-23 22:37:43,675 [Epoch: 003 Step: 00008500] Batch Translation Loss: 106.875763 => Lr: 0.000100
2025-03-23 22:39:22,579 [Epoch: 003 Step: 00008600] Batch Translation Loss:  75.269516 => Lr: 0.000100
2025-03-23 22:40:59,226 [Epoch: 003 Step: 00008700] Batch Translation Loss:  36.219963 => Lr: 0.000100
2025-03-23 22:42:29,632 [Epoch: 003 Step: 00008800] Batch Translation Loss:  28.631769 => Lr: 0.000100
2025-03-23 22:44:03,323 [Epoch: 003 Step: 00008900] Batch Translation Loss:  79.360840 => Lr: 0.000100
2025-03-23 22:45:35,854 [Epoch: 003 Step: 00009000] Batch Translation Loss:  73.329384 => Lr: 0.000100
2025-03-23 22:47:11,834 [Epoch: 003 Step: 00009100] Batch Translation Loss:  61.526745 => Lr: 0.000100
2025-03-23 22:48:42,759 [Epoch: 003 Step: 00009200] Batch Translation Loss:  44.920330 => Lr: 0.000100
2025-03-23 22:50:22,354 [Epoch: 003 Step: 00009300] Batch Translation Loss:  81.240242 => Lr: 0.000100
2025-03-23 22:52:31,636 [Epoch: 003 Step: 00009400] Batch Translation Loss:  72.438934 => Lr: 0.000100
2025-03-23 22:54:36,250 [Epoch: 003 Step: 00009500] Batch Translation Loss:  62.123085 => Lr: 0.000100
2025-03-23 22:56:52,305 [Epoch: 003 Step: 00009600] Batch Translation Loss:  50.988594 => Lr: 0.000100
2025-03-23 22:58:54,995 [Epoch: 003 Step: 00009700] Batch Translation Loss:  13.795219 => Lr: 0.000100
2025-03-23 23:00:56,818 [Epoch: 003 Step: 00009800] Batch Translation Loss:  21.008730 => Lr: 0.000100
2025-03-23 23:03:04,872 [Epoch: 003 Step: 00009900] Batch Translation Loss:  65.775650 => Lr: 0.000100
2025-03-23 23:05:16,381 [Epoch: 003 Step: 00010000] Batch Translation Loss:  40.432846 => Lr: 0.000100
2025-03-23 23:07:30,128 [Epoch: 003 Step: 00010100] Batch Translation Loss:  72.635315 => Lr: 0.000100
2025-03-23 23:09:42,187 [Epoch: 003 Step: 00010200] Batch Translation Loss:  60.080296 => Lr: 0.000100
2025-03-23 23:12:04,195 [Epoch: 003 Step: 00010300] Batch Translation Loss:  24.580276 => Lr: 0.000100
2025-03-23 23:14:42,575 [Epoch: 003 Step: 00010400] Batch Translation Loss:  39.050896 => Lr: 0.000100
2025-03-23 23:17:31,736 [Epoch: 003 Step: 00010500] Batch Translation Loss:  15.180091 => Lr: 0.000100
2025-03-23 23:24:23,262 Saved 518 text references to ./sign_sample_bpe_adam\txt_references_10500.txt and 518 text hypotheses to ./sign_sample_bpe_adam\txt_hypotheses_10500.txt
2025-03-23 23:27:12,640 [Epoch: 003 Step: 00010600] Batch Translation Loss:  39.615612 => Lr: 0.000100
2025-03-23 23:28:25,235 Epoch   3: Total Training Translation Loss 170997.83 
2025-03-23 23:28:25,235 EPOCH 4
2025-03-23 23:29:21,643 [Epoch: 004 Step: 00010700] Batch Translation Loss:  43.730759 => Lr: 0.000100
2025-03-23 23:30:49,909 [Epoch: 004 Step: 00010800] Batch Translation Loss:  26.487469 => Lr: 0.000100
2025-03-23 23:32:21,462 [Epoch: 004 Step: 00010900] Batch Translation Loss:  64.071396 => Lr: 0.000100
2025-03-23 23:33:56,958 [Epoch: 004 Step: 00011000] Batch Translation Loss:  49.803493 => Lr: 0.000100
2025-03-23 23:35:36,298 [Epoch: 004 Step: 00011100] Batch Translation Loss:  57.747742 => Lr: 0.000100
2025-03-23 23:37:15,252 [Epoch: 004 Step: 00011200] Batch Translation Loss:  14.155124 => Lr: 0.000100
2025-03-23 23:38:56,209 [Epoch: 004 Step: 00011300] Batch Translation Loss:  19.653736 => Lr: 0.000100
2025-03-23 23:40:43,293 [Epoch: 004 Step: 00011400] Batch Translation Loss:  76.806236 => Lr: 0.000100
2025-03-23 23:42:18,248 [Epoch: 004 Step: 00011500] Batch Translation Loss:  39.477364 => Lr: 0.000100
2025-03-23 23:44:03,480 [Epoch: 004 Step: 00011600] Batch Translation Loss:  17.375494 => Lr: 0.000100
2025-03-23 23:45:40,489 [Epoch: 004 Step: 00011700] Batch Translation Loss:  36.759811 => Lr: 0.000100
2025-03-23 23:47:30,278 [Epoch: 004 Step: 00011800] Batch Translation Loss:  41.206326 => Lr: 0.000100
2025-03-23 23:49:09,842 [Epoch: 004 Step: 00011900] Batch Translation Loss:  41.420692 => Lr: 0.000100
2025-03-23 23:50:54,594 [Epoch: 004 Step: 00012000] Batch Translation Loss:  44.349125 => Lr: 0.000100
2025-03-23 23:52:40,538 [Epoch: 004 Step: 00012100] Batch Translation Loss:  46.646072 => Lr: 0.000100
2025-03-23 23:54:36,105 [Epoch: 004 Step: 00012200] Batch Translation Loss:  32.649933 => Lr: 0.000100
2025-03-23 23:56:15,358 [Epoch: 004 Step: 00012300] Batch Translation Loss:  59.990807 => Lr: 0.000100
2025-03-23 23:58:02,714 [Epoch: 004 Step: 00012400] Batch Translation Loss:  57.067863 => Lr: 0.000100
2025-03-23 23:59:51,913 [Epoch: 004 Step: 00012500] Batch Translation Loss:  20.114712 => Lr: 0.000100
2025-03-24 00:01:45,074 [Epoch: 004 Step: 00012600] Batch Translation Loss:  14.166862 => Lr: 0.000100
2025-03-24 00:03:36,938 [Epoch: 004 Step: 00012700] Batch Translation Loss:  48.943428 => Lr: 0.000100
2025-03-24 00:05:32,230 [Epoch: 004 Step: 00012800] Batch Translation Loss:  35.151962 => Lr: 0.000100
2025-03-24 00:07:23,417 [Epoch: 004 Step: 00012900] Batch Translation Loss:  72.273209 => Lr: 0.000100
2025-03-24 00:09:22,339 [Epoch: 004 Step: 00013000] Batch Translation Loss:  69.136063 => Lr: 0.000100
2025-03-24 00:11:17,140 [Epoch: 004 Step: 00013100] Batch Translation Loss:  27.664970 => Lr: 0.000100
2025-03-24 00:13:18,430 [Epoch: 004 Step: 00013200] Batch Translation Loss:  33.305870 => Lr: 0.000100
2025-03-24 00:15:36,949 [Epoch: 004 Step: 00013300] Batch Translation Loss:  52.578239 => Lr: 0.000100
2025-03-24 00:18:14,284 [Epoch: 004 Step: 00013400] Batch Translation Loss:  45.534283 => Lr: 0.000100
2025-03-24 00:20:55,449 [Epoch: 004 Step: 00013500] Batch Translation Loss:  76.837532 => Lr: 0.000100
2025-03-24 00:23:47,020 [Epoch: 004 Step: 00013600] Batch Translation Loss:  30.517124 => Lr: 0.000100
2025-03-24 00:26:42,724 [Epoch: 004 Step: 00013700] Batch Translation Loss:  31.947296 => Lr: 0.000100
2025-03-24 00:29:50,170 [Epoch: 004 Step: 00013800] Batch Translation Loss:  28.621597 => Lr: 0.000100
2025-03-24 00:32:40,840 [Epoch: 004 Step: 00013900] Batch Translation Loss:  64.183830 => Lr: 0.000100
2025-03-24 00:35:36,606 [Epoch: 004 Step: 00014000] Batch Translation Loss:  24.016682 => Lr: 0.000100
2025-03-24 00:42:43,951 Saved 518 text references to ./sign_sample_bpe_adam\txt_references_14000.txt and 518 text hypotheses to ./sign_sample_bpe_adam\txt_hypotheses_14000.txt
2025-03-24 00:45:50,063 [Epoch: 004 Step: 00014100] Batch Translation Loss:  15.594523 => Lr: 0.000100
2025-03-24 00:48:41,397 Epoch   4: Total Training Translation Loss 159568.38 
2025-03-24 00:48:41,397 EPOCH 5
2025-03-24 00:48:51,021 [Epoch: 005 Step: 00014200] Batch Translation Loss:  50.353146 => Lr: 0.000100
2025-03-24 00:50:34,752 [Epoch: 005 Step: 00014300] Batch Translation Loss:   9.289991 => Lr: 0.000100
2025-03-24 00:52:20,367 [Epoch: 005 Step: 00014400] Batch Translation Loss:   5.038631 => Lr: 0.000100
2025-03-24 00:54:08,785 [Epoch: 005 Step: 00014500] Batch Translation Loss:  45.869122 => Lr: 0.000100
2025-03-24 00:55:43,985 [Epoch: 005 Step: 00014600] Batch Translation Loss:  34.941040 => Lr: 0.000100
2025-03-24 00:57:21,303 [Epoch: 005 Step: 00014700] Batch Translation Loss:  74.033432 => Lr: 0.000100
2025-03-24 00:58:56,811 [Epoch: 005 Step: 00014800] Batch Translation Loss:  36.659943 => Lr: 0.000100
2025-03-24 01:00:36,888 [Epoch: 005 Step: 00014900] Batch Translation Loss:  48.554520 => Lr: 0.000100
2025-03-24 01:02:12,917 [Epoch: 005 Step: 00015000] Batch Translation Loss:  47.486217 => Lr: 0.000100
2025-03-24 01:03:44,112 [Epoch: 005 Step: 00015100] Batch Translation Loss:  47.365887 => Lr: 0.000100
2025-03-24 01:05:26,993 [Epoch: 005 Step: 00015200] Batch Translation Loss:  84.692688 => Lr: 0.000100
2025-03-24 01:07:03,753 [Epoch: 005 Step: 00015300] Batch Translation Loss:  48.139866 => Lr: 0.000100
2025-03-24 01:08:47,642 [Epoch: 005 Step: 00015400] Batch Translation Loss:  61.953190 => Lr: 0.000100
2025-03-24 01:10:35,378 [Epoch: 005 Step: 00015500] Batch Translation Loss:  26.735567 => Lr: 0.000100
2025-03-24 01:12:09,441 [Epoch: 005 Step: 00015600] Batch Translation Loss:  23.012514 => Lr: 0.000100
2025-03-24 01:13:47,040 [Epoch: 005 Step: 00015700] Batch Translation Loss:  48.320602 => Lr: 0.000100
2025-03-24 01:15:29,778 [Epoch: 005 Step: 00015800] Batch Translation Loss:  34.001839 => Lr: 0.000100
2025-03-24 01:17:08,359 [Epoch: 005 Step: 00015900] Batch Translation Loss:  19.386162 => Lr: 0.000100
2025-03-24 01:18:57,757 [Epoch: 005 Step: 00016000] Batch Translation Loss:  35.725754 => Lr: 0.000100
2025-03-24 01:20:45,951 [Epoch: 005 Step: 00016100] Batch Translation Loss:  33.988693 => Lr: 0.000100
2025-03-24 01:22:34,633 [Epoch: 005 Step: 00016200] Batch Translation Loss:  61.819618 => Lr: 0.000100
2025-03-24 01:24:18,062 [Epoch: 005 Step: 00016300] Batch Translation Loss:  23.774475 => Lr: 0.000100
2025-03-24 01:26:07,365 [Epoch: 005 Step: 00016400] Batch Translation Loss:  17.875164 => Lr: 0.000100
2025-03-24 01:27:56,106 [Epoch: 005 Step: 00016500] Batch Translation Loss:  19.825783 => Lr: 0.000100
2025-03-24 01:29:43,970 [Epoch: 005 Step: 00016600] Batch Translation Loss:   8.545633 => Lr: 0.000100
2025-03-24 01:31:36,311 [Epoch: 005 Step: 00016700] Batch Translation Loss:  18.201578 => Lr: 0.000100
2025-03-24 01:33:27,462 [Epoch: 005 Step: 00016800] Batch Translation Loss:  62.722004 => Lr: 0.000100
2025-03-24 01:35:22,575 [Epoch: 005 Step: 00016900] Batch Translation Loss:  28.601086 => Lr: 0.000100
2025-03-24 01:37:22,124 [Epoch: 005 Step: 00017000] Batch Translation Loss:  47.881222 => Lr: 0.000100
2025-03-24 01:39:26,861 [Epoch: 005 Step: 00017100] Batch Translation Loss:  59.040634 => Lr: 0.000100
2025-03-24 01:41:43,679 [Epoch: 005 Step: 00017200] Batch Translation Loss:  50.954880 => Lr: 0.000100
2025-03-24 01:44:05,156 [Epoch: 005 Step: 00017300] Batch Translation Loss:  65.796173 => Lr: 0.000100
2025-03-24 01:46:42,629 [Epoch: 005 Step: 00017400] Batch Translation Loss:  52.676315 => Lr: 0.000100
2025-03-24 01:49:37,543 [Epoch: 005 Step: 00017500] Batch Translation Loss:  80.054443 => Lr: 0.000100
2025-03-24 01:56:28,315 Saved 518 text references to ./sign_sample_bpe_adam\txt_references_17500.txt and 518 text hypotheses to ./sign_sample_bpe_adam\txt_hypotheses_17500.txt
2025-03-24 01:59:17,297 [Epoch: 005 Step: 00017600] Batch Translation Loss:  32.561581 => Lr: 0.000100
2025-03-24 02:02:17,497 [Epoch: 005 Step: 00017700] Batch Translation Loss:  61.392193 => Lr: 0.000100
2025-03-24 02:03:28,954 Epoch   5: Total Training Translation Loss 152002.69 
2025-03-24 02:03:28,954 EPOCH 6
2025-03-24 02:04:29,979 [Epoch: 006 Step: 00017800] Batch Translation Loss:  57.625313 => Lr: 0.000100
2025-03-24 02:06:02,952 [Epoch: 006 Step: 00017900] Batch Translation Loss:   3.076504 => Lr: 0.000100
2025-03-24 02:07:38,240 [Epoch: 006 Step: 00018000] Batch Translation Loss:  37.381714 => Lr: 0.000100
2025-03-24 02:09:10,918 [Epoch: 006 Step: 00018100] Batch Translation Loss:  57.573620 => Lr: 0.000100
2025-03-24 02:10:41,904 [Epoch: 006 Step: 00018200] Batch Translation Loss:  27.912493 => Lr: 0.000100
2025-03-24 02:12:14,872 [Epoch: 006 Step: 00018300] Batch Translation Loss:  56.732929 => Lr: 0.000100
2025-03-24 02:13:49,131 [Epoch: 006 Step: 00018400] Batch Translation Loss:  10.804504 => Lr: 0.000100
2025-03-24 02:15:22,442 [Epoch: 006 Step: 00018500] Batch Translation Loss:  88.258247 => Lr: 0.000100
2025-03-24 02:17:00,927 [Epoch: 006 Step: 00018600] Batch Translation Loss:  16.937618 => Lr: 0.000100
2025-03-24 02:18:36,634 [Epoch: 006 Step: 00018700] Batch Translation Loss:  38.704491 => Lr: 0.000100
2025-03-24 02:20:19,049 [Epoch: 006 Step: 00018800] Batch Translation Loss:  41.325516 => Lr: 0.000100
2025-03-24 02:22:00,182 [Epoch: 006 Step: 00018900] Batch Translation Loss:  40.358910 => Lr: 0.000100
2025-03-24 02:23:37,368 [Epoch: 006 Step: 00019000] Batch Translation Loss:  53.712318 => Lr: 0.000100
2025-03-24 02:25:19,445 [Epoch: 006 Step: 00019100] Batch Translation Loss:  19.353348 => Lr: 0.000100
2025-03-24 02:26:58,205 [Epoch: 006 Step: 00019200] Batch Translation Loss:  24.027435 => Lr: 0.000100
2025-03-24 02:28:41,808 [Epoch: 006 Step: 00019300] Batch Translation Loss:  45.412651 => Lr: 0.000100
2025-03-24 02:30:21,456 [Epoch: 006 Step: 00019400] Batch Translation Loss:  32.097633 => Lr: 0.000100
2025-03-24 02:32:06,652 [Epoch: 006 Step: 00019500] Batch Translation Loss:  38.803925 => Lr: 0.000100
2025-03-24 02:33:51,585 [Epoch: 006 Step: 00019600] Batch Translation Loss:  41.917992 => Lr: 0.000100
2025-03-24 02:35:35,858 [Epoch: 006 Step: 00019700] Batch Translation Loss:  50.775520 => Lr: 0.000100
2025-03-24 02:37:18,175 [Epoch: 006 Step: 00019800] Batch Translation Loss:  26.555359 => Lr: 0.000100
2025-03-24 02:39:03,831 [Epoch: 006 Step: 00019900] Batch Translation Loss:  27.901268 => Lr: 0.000100
2025-03-24 02:40:55,035 [Epoch: 006 Step: 00020000] Batch Translation Loss:  43.656063 => Lr: 0.000100
2025-03-24 02:42:44,093 [Epoch: 006 Step: 00020100] Batch Translation Loss:  81.395103 => Lr: 0.000100
2025-03-24 02:44:31,143 [Epoch: 006 Step: 00020200] Batch Translation Loss:  39.736557 => Lr: 0.000100
2025-03-24 02:46:28,524 [Epoch: 006 Step: 00020300] Batch Translation Loss:  53.387451 => Lr: 0.000100
2025-03-24 02:48:25,072 [Epoch: 006 Step: 00020400] Batch Translation Loss:  45.818977 => Lr: 0.000100
2025-03-24 02:50:26,652 [Epoch: 006 Step: 00020500] Batch Translation Loss:   2.725896 => Lr: 0.000100
2025-03-24 02:52:24,876 [Epoch: 006 Step: 00020600] Batch Translation Loss:  36.704895 => Lr: 0.000100
2025-03-24 02:54:31,361 [Epoch: 006 Step: 00020700] Batch Translation Loss:  21.773220 => Lr: 0.000100
2025-03-24 02:57:04,832 [Epoch: 006 Step: 00020800] Batch Translation Loss:  37.207020 => Lr: 0.000100
2025-03-24 02:59:33,452 [Epoch: 006 Step: 00020900] Batch Translation Loss:  24.384920 => Lr: 0.000100
2025-03-24 03:02:18,171 [Epoch: 006 Step: 00021000] Batch Translation Loss:  39.644409 => Lr: 0.000100
2025-03-24 03:09:11,011 Saved 518 text references to ./sign_sample_bpe_adam\txt_references_21000.txt and 518 text hypotheses to ./sign_sample_bpe_adam\txt_hypotheses_21000.txt
2025-03-24 03:12:06,672 [Epoch: 006 Step: 00021100] Batch Translation Loss:  82.036819 => Lr: 0.000100
2025-03-24 03:15:01,569 [Epoch: 006 Step: 00021200] Batch Translation Loss:  39.515217 => Lr: 0.000100
2025-03-24 03:17:38,466 Epoch   6: Total Training Translation Loss 146556.85 
2025-03-24 03:17:38,466 EPOCH 7
2025-03-24 03:17:48,697 [Epoch: 007 Step: 00021300] Batch Translation Loss:  27.724400 => Lr: 0.000100
2025-03-24 03:19:30,365 [Epoch: 007 Step: 00021400] Batch Translation Loss:  28.641342 => Lr: 0.000100
2025-03-24 03:21:17,561 [Epoch: 007 Step: 00021500] Batch Translation Loss:  62.342197 => Lr: 0.000100
2025-03-24 03:22:55,678 [Epoch: 007 Step: 00021600] Batch Translation Loss:  30.765835 => Lr: 0.000100
2025-03-24 03:24:36,878 [Epoch: 007 Step: 00021700] Batch Translation Loss:  23.368757 => Lr: 0.000100
2025-03-24 03:26:23,660 [Epoch: 007 Step: 00021800] Batch Translation Loss:  31.371014 => Lr: 0.000100
2025-03-24 03:28:04,711 [Epoch: 007 Step: 00021900] Batch Translation Loss:  48.112923 => Lr: 0.000100
2025-03-24 03:29:46,533 [Epoch: 007 Step: 00022000] Batch Translation Loss:  57.099354 => Lr: 0.000100
2025-03-24 03:31:32,983 [Epoch: 007 Step: 00022100] Batch Translation Loss:  26.748665 => Lr: 0.000100
2025-03-24 03:33:14,359 [Epoch: 007 Step: 00022200] Batch Translation Loss:  30.972456 => Lr: 0.000100
2025-03-24 03:34:59,489 [Epoch: 007 Step: 00022300] Batch Translation Loss:  14.190651 => Lr: 0.000100
2025-03-24 03:36:51,131 [Epoch: 007 Step: 00022400] Batch Translation Loss:   7.153370 => Lr: 0.000100
2025-03-24 03:38:40,615 [Epoch: 007 Step: 00022500] Batch Translation Loss:  53.814362 => Lr: 0.000100
2025-03-24 03:40:36,478 [Epoch: 007 Step: 00022600] Batch Translation Loss:  28.402021 => Lr: 0.000100
2025-03-24 03:42:22,456 [Epoch: 007 Step: 00022700] Batch Translation Loss:  18.500498 => Lr: 0.000100
2025-03-24 03:44:07,862 [Epoch: 007 Step: 00022800] Batch Translation Loss:  48.332085 => Lr: 0.000100
2025-03-24 03:45:57,025 [Epoch: 007 Step: 00022900] Batch Translation Loss:  74.864166 => Lr: 0.000100
2025-03-24 03:47:44,925 [Epoch: 007 Step: 00023000] Batch Translation Loss:  67.174423 => Lr: 0.000100
2025-03-24 03:49:40,451 [Epoch: 007 Step: 00023100] Batch Translation Loss:  30.754902 => Lr: 0.000100
2025-03-24 03:51:42,150 [Epoch: 007 Step: 00023200] Batch Translation Loss:  49.813572 => Lr: 0.000100
2025-03-24 03:53:42,355 [Epoch: 007 Step: 00023300] Batch Translation Loss:  15.320276 => Lr: 0.000100
2025-03-24 03:55:44,192 [Epoch: 007 Step: 00023400] Batch Translation Loss:  47.852043 => Lr: 0.000100
2025-03-24 03:57:53,128 [Epoch: 007 Step: 00023500] Batch Translation Loss:  15.441269 => Lr: 0.000100
2025-03-24 03:59:59,364 [Epoch: 007 Step: 00023600] Batch Translation Loss:  34.541290 => Lr: 0.000100
2025-03-24 04:02:14,709 [Epoch: 007 Step: 00023700] Batch Translation Loss:  25.357094 => Lr: 0.000100
2025-03-24 04:04:23,647 [Epoch: 007 Step: 00023800] Batch Translation Loss:  37.048973 => Lr: 0.000100
2025-03-24 04:06:49,320 [Epoch: 007 Step: 00023900] Batch Translation Loss:  41.698776 => Lr: 0.000100
2025-03-24 04:09:24,104 [Epoch: 007 Step: 00024000] Batch Translation Loss:  43.160686 => Lr: 0.000100
2025-03-24 04:11:57,729 [Epoch: 007 Step: 00024100] Batch Translation Loss:  24.045055 => Lr: 0.000100
2025-03-24 04:14:35,199 [Epoch: 007 Step: 00024200] Batch Translation Loss:  17.026810 => Lr: 0.000100
2025-03-24 04:17:33,181 [Epoch: 007 Step: 00024300] Batch Translation Loss:  39.618477 => Lr: 0.000100
2025-03-24 04:20:20,179 [Epoch: 007 Step: 00024400] Batch Translation Loss:  49.605984 => Lr: 0.000100
2025-03-24 04:23:08,051 [Epoch: 007 Step: 00024500] Batch Translation Loss:  22.051149 => Lr: 0.000100
2025-03-24 04:30:02,319 Saved 518 text references to ./sign_sample_bpe_adam\txt_references_24500.txt and 518 text hypotheses to ./sign_sample_bpe_adam\txt_hypotheses_24500.txt
2025-03-24 04:33:01,273 [Epoch: 007 Step: 00024600] Batch Translation Loss:  14.024310 => Lr: 0.000100
2025-03-24 04:35:54,133 [Epoch: 007 Step: 00024700] Batch Translation Loss:  35.493904 => Lr: 0.000100
2025-03-24 04:38:53,528 [Epoch: 007 Step: 00024800] Batch Translation Loss:  94.588699 => Lr: 0.000100
2025-03-24 04:39:53,261 Epoch   7: Total Training Translation Loss 142669.15 
2025-03-24 04:39:53,262 EPOCH 8
2025-03-24 04:40:59,953 [Epoch: 008 Step: 00024900] Batch Translation Loss:  41.548988 => Lr: 0.000100
2025-03-24 04:42:41,656 [Epoch: 008 Step: 00025000] Batch Translation Loss:  66.341751 => Lr: 0.000100
2025-03-24 04:44:21,045 [Epoch: 008 Step: 00025100] Batch Translation Loss:  34.955185 => Lr: 0.000100
2025-03-24 04:45:59,972 [Epoch: 008 Step: 00025200] Batch Translation Loss:  91.678116 => Lr: 0.000100
2025-03-24 04:47:47,335 [Epoch: 008 Step: 00025300] Batch Translation Loss:  58.133499 => Lr: 0.000100
2025-03-24 04:49:31,689 [Epoch: 008 Step: 00025400] Batch Translation Loss:  16.038633 => Lr: 0.000100
2025-03-24 04:51:13,994 [Epoch: 008 Step: 00025500] Batch Translation Loss:  30.928421 => Lr: 0.000100
2025-03-24 04:53:01,729 [Epoch: 008 Step: 00025600] Batch Translation Loss:  40.686512 => Lr: 0.000100
2025-03-24 04:54:40,029 [Epoch: 008 Step: 00025700] Batch Translation Loss:  39.788994 => Lr: 0.000100
2025-03-24 04:56:30,400 [Epoch: 008 Step: 00025800] Batch Translation Loss:  29.865711 => Lr: 0.000100
2025-03-24 04:58:13,403 [Epoch: 008 Step: 00025900] Batch Translation Loss:  52.703655 => Lr: 0.000100
2025-03-24 04:59:55,829 [Epoch: 008 Step: 00026000] Batch Translation Loss:  33.554001 => Lr: 0.000100
2025-03-24 05:01:49,540 [Epoch: 008 Step: 00026100] Batch Translation Loss:  64.582855 => Lr: 0.000100
2025-03-24 05:03:41,727 [Epoch: 008 Step: 00026200] Batch Translation Loss:  43.568085 => Lr: 0.000100
2025-03-24 05:05:33,719 [Epoch: 008 Step: 00026300] Batch Translation Loss:  25.918793 => Lr: 0.000100
2025-03-24 05:07:24,293 [Epoch: 008 Step: 00026400] Batch Translation Loss:  51.069344 => Lr: 0.000100
2025-03-24 05:09:07,144 [Epoch: 008 Step: 00026500] Batch Translation Loss:  27.021770 => Lr: 0.000100
2025-03-24 05:11:01,605 [Epoch: 008 Step: 00026600] Batch Translation Loss:  28.812492 => Lr: 0.000100
2025-03-24 05:12:59,131 [Epoch: 008 Step: 00026700] Batch Translation Loss:  23.238533 => Lr: 0.000100
2025-03-24 05:14:58,950 [Epoch: 008 Step: 00026800] Batch Translation Loss:  59.713783 => Lr: 0.000100
2025-03-24 05:16:58,496 [Epoch: 008 Step: 00026900] Batch Translation Loss:  42.415428 => Lr: 0.000100
2025-03-24 05:19:05,694 [Epoch: 008 Step: 00027000] Batch Translation Loss:   8.086668 => Lr: 0.000100
2025-03-24 05:21:15,713 [Epoch: 008 Step: 00027100] Batch Translation Loss:  28.998028 => Lr: 0.000100
2025-03-24 05:23:25,202 [Epoch: 008 Step: 00027200] Batch Translation Loss:  53.916100 => Lr: 0.000100
2025-03-24 05:25:44,370 [Epoch: 008 Step: 00027300] Batch Translation Loss:  29.208563 => Lr: 0.000100
2025-03-24 05:28:03,422 [Epoch: 008 Step: 00027400] Batch Translation Loss:  15.522731 => Lr: 0.000100
2025-03-24 05:30:33,621 [Epoch: 008 Step: 00027500] Batch Translation Loss:  23.398457 => Lr: 0.000100
2025-03-24 05:33:15,793 [Epoch: 008 Step: 00027600] Batch Translation Loss:  21.523727 => Lr: 0.000100
2025-03-24 05:36:03,696 [Epoch: 008 Step: 00027700] Batch Translation Loss:  37.238480 => Lr: 0.000100
2025-03-24 05:38:44,550 [Epoch: 008 Step: 00027800] Batch Translation Loss:  63.822647 => Lr: 0.000100
2025-03-24 05:41:39,631 [Epoch: 008 Step: 00027900] Batch Translation Loss:  30.013275 => Lr: 0.000100
2025-03-24 05:44:42,395 [Epoch: 008 Step: 00028000] Batch Translation Loss:  22.042048 => Lr: 0.000100
2025-03-24 05:51:32,749 Saved 518 text references to ./sign_sample_bpe_adam\txt_references_28000.txt and 518 text hypotheses to ./sign_sample_bpe_adam\txt_hypotheses_28000.txt
2025-03-24 05:54:25,749 [Epoch: 008 Step: 00028100] Batch Translation Loss:  33.996758 => Lr: 0.000100
2025-03-24 05:57:23,758 [Epoch: 008 Step: 00028200] Batch Translation Loss:  21.631306 => Lr: 0.000100
2025-03-24 06:00:15,738 [Epoch: 008 Step: 00028300] Batch Translation Loss:  34.404686 => Lr: 0.000100
2025-03-24 06:02:37,580 Epoch   8: Total Training Translation Loss 139430.97 
2025-03-24 06:02:37,580 EPOCH 9
2025-03-24 06:02:54,229 [Epoch: 009 Step: 00028400] Batch Translation Loss:  11.218384 => Lr: 0.000100
2025-03-24 06:04:39,619 [Epoch: 009 Step: 00028500] Batch Translation Loss:  66.699905 => Lr: 0.000100
2025-03-24 06:06:23,443 [Epoch: 009 Step: 00028600] Batch Translation Loss:  16.088799 => Lr: 0.000100
2025-03-24 06:08:11,251 [Epoch: 009 Step: 00028700] Batch Translation Loss:  17.651752 => Lr: 0.000100
2025-03-24 06:09:57,293 [Epoch: 009 Step: 00028800] Batch Translation Loss:  56.041515 => Lr: 0.000100
2025-03-24 06:11:45,298 [Epoch: 009 Step: 00028900] Batch Translation Loss:  47.772579 => Lr: 0.000100
2025-03-24 06:13:39,203 [Epoch: 009 Step: 00029000] Batch Translation Loss:  37.114201 => Lr: 0.000100
2025-03-24 06:15:33,620 [Epoch: 009 Step: 00029100] Batch Translation Loss:  18.028131 => Lr: 0.000100
2025-03-24 06:17:30,061 [Epoch: 009 Step: 00029200] Batch Translation Loss:  14.106886 => Lr: 0.000100
2025-03-24 06:19:26,811 [Epoch: 009 Step: 00029300] Batch Translation Loss:  52.487526 => Lr: 0.000100
2025-03-24 06:21:22,590 [Epoch: 009 Step: 00029400] Batch Translation Loss:  36.186314 => Lr: 0.000100
2025-03-24 06:23:21,958 [Epoch: 009 Step: 00029500] Batch Translation Loss:  62.649513 => Lr: 0.000100
2025-03-24 06:25:10,088 [Epoch: 009 Step: 00029600] Batch Translation Loss:  35.828377 => Lr: 0.000100
2025-03-24 06:27:06,964 [Epoch: 009 Step: 00029700] Batch Translation Loss:  44.376186 => Lr: 0.000100
2025-03-24 06:29:02,612 [Epoch: 009 Step: 00029800] Batch Translation Loss:  45.081039 => Lr: 0.000100
2025-03-24 06:31:13,611 [Epoch: 009 Step: 00029900] Batch Translation Loss:  30.986805 => Lr: 0.000100
2025-03-24 06:33:08,020 [Epoch: 009 Step: 00030000] Batch Translation Loss:  29.244091 => Lr: 0.000100
2025-03-24 06:35:07,534 [Epoch: 009 Step: 00030100] Batch Translation Loss:  52.126625 => Lr: 0.000100
2025-03-24 06:37:11,525 [Epoch: 009 Step: 00030200] Batch Translation Loss:  51.700726 => Lr: 0.000100
2025-03-24 06:39:22,139 [Epoch: 009 Step: 00030300] Batch Translation Loss:  24.428225 => Lr: 0.000100
2025-03-24 06:41:43,226 [Epoch: 009 Step: 00030400] Batch Translation Loss:  24.919193 => Lr: 0.000100
2025-03-24 06:43:56,618 [Epoch: 009 Step: 00030500] Batch Translation Loss:  32.745731 => Lr: 0.000100
2025-03-24 06:46:10,393 [Epoch: 009 Step: 00030600] Batch Translation Loss:  35.269409 => Lr: 0.000100
2025-03-24 06:48:28,920 [Epoch: 009 Step: 00030700] Batch Translation Loss:  19.627119 => Lr: 0.000100
2025-03-24 06:50:52,754 [Epoch: 009 Step: 00030800] Batch Translation Loss:  41.331459 => Lr: 0.000100
2025-03-24 06:53:14,429 [Epoch: 009 Step: 00030900] Batch Translation Loss:  13.434917 => Lr: 0.000100
2025-03-24 06:55:46,222 [Epoch: 009 Step: 00031000] Batch Translation Loss:  49.430443 => Lr: 0.000100
2025-03-24 06:58:17,588 [Epoch: 009 Step: 00031100] Batch Translation Loss:  31.812016 => Lr: 0.000100
2025-03-24 07:00:56,727 [Epoch: 009 Step: 00031200] Batch Translation Loss:  58.546249 => Lr: 0.000100
2025-03-24 07:03:40,206 [Epoch: 009 Step: 00031300] Batch Translation Loss:  29.107788 => Lr: 0.000100
2025-03-24 07:06:25,567 [Epoch: 009 Step: 00031400] Batch Translation Loss:  24.958549 => Lr: 0.000100
2025-03-24 07:09:08,004 [Epoch: 009 Step: 00031500] Batch Translation Loss:  34.892204 => Lr: 0.000100
2025-03-24 07:16:00,084 Saved 518 text references to ./sign_sample_bpe_adam\txt_references_31500.txt and 518 text hypotheses to ./sign_sample_bpe_adam\txt_hypotheses_31500.txt
2025-03-24 07:18:54,998 [Epoch: 009 Step: 00031600] Batch Translation Loss:  61.882366 => Lr: 0.000100
2025-03-24 07:21:56,269 [Epoch: 009 Step: 00031700] Batch Translation Loss:  18.056667 => Lr: 0.000100
2025-03-24 07:24:39,594 [Epoch: 009 Step: 00031800] Batch Translation Loss:  44.324188 => Lr: 0.000100
2025-03-24 07:27:32,027 [Epoch: 009 Step: 00031900] Batch Translation Loss:  65.092270 => Lr: 0.000100
2025-03-24 07:28:27,001 Epoch   9: Total Training Translation Loss 136863.42 
2025-03-24 07:28:27,002 EPOCH 10
2025-03-24 07:29:40,870 [Epoch: 010 Step: 00032000] Batch Translation Loss:  38.938725 => Lr: 0.000100
2025-03-24 07:31:20,119 [Epoch: 010 Step: 00032100] Batch Translation Loss:  80.731583 => Lr: 0.000100
2025-03-24 07:33:02,959 [Epoch: 010 Step: 00032200] Batch Translation Loss:  40.087433 => Lr: 0.000100
2025-03-24 07:34:41,993 [Epoch: 010 Step: 00032300] Batch Translation Loss:  36.182144 => Lr: 0.000100
2025-03-24 07:36:24,261 [Epoch: 010 Step: 00032400] Batch Translation Loss:  16.396126 => Lr: 0.000100
2025-03-24 07:38:02,872 [Epoch: 010 Step: 00032500] Batch Translation Loss:  24.545574 => Lr: 0.000100
2025-03-24 07:39:45,835 [Epoch: 010 Step: 00032600] Batch Translation Loss:  44.169609 => Lr: 0.000100
2025-03-24 07:41:35,467 [Epoch: 010 Step: 00032700] Batch Translation Loss:  60.182201 => Lr: 0.000100
2025-03-24 07:43:27,408 [Epoch: 010 Step: 00032800] Batch Translation Loss:   8.822945 => Lr: 0.000100
2025-03-24 07:45:21,457 [Epoch: 010 Step: 00032900] Batch Translation Loss:  29.821215 => Lr: 0.000100
2025-03-24 07:47:08,934 [Epoch: 010 Step: 00033000] Batch Translation Loss:  54.825081 => Lr: 0.000100
2025-03-24 07:49:03,675 [Epoch: 010 Step: 00033100] Batch Translation Loss:  23.425282 => Lr: 0.000100
2025-03-24 07:51:01,680 [Epoch: 010 Step: 00033200] Batch Translation Loss:  58.694458 => Lr: 0.000100
2025-03-24 07:52:46,934 [Epoch: 010 Step: 00033300] Batch Translation Loss:  42.782990 => Lr: 0.000100
2025-03-24 07:54:35,223 [Epoch: 010 Step: 00033400] Batch Translation Loss:  60.183510 => Lr: 0.000100
2025-03-24 07:56:35,809 [Epoch: 010 Step: 00033500] Batch Translation Loss:  17.638813 => Lr: 0.000100
2025-03-24 07:58:47,726 [Epoch: 010 Step: 00033600] Batch Translation Loss:  33.263954 => Lr: 0.000100
2025-03-24 08:00:51,701 [Epoch: 010 Step: 00033700] Batch Translation Loss:  34.404636 => Lr: 0.000100
2025-03-24 08:02:53,685 [Epoch: 010 Step: 00033800] Batch Translation Loss:  52.693855 => Lr: 0.000100
2025-03-24 08:05:03,758 [Epoch: 010 Step: 00033900] Batch Translation Loss:  33.300720 => Lr: 0.000100
2025-03-24 08:07:10,979 [Epoch: 010 Step: 00034000] Batch Translation Loss:  36.482620 => Lr: 0.000100
2025-03-24 08:09:22,502 [Epoch: 010 Step: 00034100] Batch Translation Loss:  56.620998 => Lr: 0.000100
2025-03-24 08:11:45,131 [Epoch: 010 Step: 00034200] Batch Translation Loss:  75.977081 => Lr: 0.000100
2025-03-24 08:14:17,767 [Epoch: 010 Step: 00034300] Batch Translation Loss:  28.991993 => Lr: 0.000100
2025-03-24 08:17:11,181 [Epoch: 010 Step: 00034400] Batch Translation Loss:  61.413067 => Lr: 0.000100
2025-03-24 08:20:00,980 [Epoch: 010 Step: 00034500] Batch Translation Loss:  22.380276 => Lr: 0.000100
